PRCUPD01  NIGHTLY PROMOTIONAL PRICE UPDATE - AUDIT / EXCEPTIONS                             RUN DATE 2026-09-21   PAGE    1

PROMO-ID   SKU      RG  T   REG-PRICE  OLD-PRICE  NEW-PRICE  REASON OVERRD  STATUS   MESSAGE
------------------------------------------------------------------------------------------------------------------------------------
PRM2026081 10057890 NE  -       99.99      79.99      99.99  EXPIRE         EXPIRED  PROMO END DATE PASSED
PRM2026090 10188899 SE  -      449.00     399.00     449.00  EXPIRE         EXPIRED  PROMO END DATE PASSED
PRM2026120 10004410 NE  P      149.00     149.00     119.19  PROMO          UPDATED
PRM2026120 10004410 SE  P      149.00     149.00     119.19  PROMO          UPDATED
PRM2026120 10004410 MW  P      149.00     149.00     119.19  PROMO          UPDATED
PRM2026120 10004410 WC  P      149.00     149.00     119.19  PROMO          UPDATED
PRM2026120 10004410 NC  P      149.00     149.00     128.69  RGNOVR NCFRT   UPDATED
PRM2026121 10012233 WC  P        4.28       4.28       3.59  RGNOVR WCLUM   UPDATED
PRM2026112 10020977 MW  P       38.98      33.09      33.09  PROMO          NOCHG    PROMO ALREADY IN EFFECT
PRM2026138 10033120 NE  F      249.00     249.00     198.99  PROMO          UPDATED
PRM2026138 10033120 SE  F      249.00     249.00     198.99  PROMO          UPDATED
PRM2026138 10033120 MW  F      249.00     249.00     198.99  PROMO          UPDATED
PRM2026138 10033120 WC  F      249.00     249.00     198.99  PROMO          UPDATED
PRM2026138 10033120 NC  F      249.00     249.00     214.89  RGNOVR NCFRT   UPDATED
PRM2026122 10041555 NE  B        9.98       9.98       6.39  FLOOR          UPDATED
PRM2026122 10041555 SE  B        9.98       9.98       6.39  FLOOR          UPDATED
PRM2026122 10041555 MW  B        9.98       9.98       6.39  FLOOR          UPDATED
PRM2026122 10041555 WC  B        9.98       9.98       6.39  FLOOR          UPDATED
PRM2026122 10041555 NC  B        0.00       0.00       0.00         NOBOGO  SKIP     REGION RULE NOBOGO
PRM2026125 10057890 SE  P       99.99      99.99      74.99  PROMO          UPDATED
PRM2026131 10061234     P        0.00       0.00       0.00                 SKIP     PROMO ALREADY ENDED
PRM2026130 10078812     P        0.00       0.00       0.00                 SKIP     NOT YET EFFECTIVE
PRM2026123 10082345 NE  P      498.00     498.00     273.09  FLOOR          UPDATED
PRM2026123 10082345 SE  P      498.00     498.00     273.09  FLOOR          UPDATED
PRM2026123 10082345 MW  P      498.00     498.00     273.09  FLOOR          UPDATED
PRM2026123 10082345 WC  P      498.00     498.00     273.09  FLOOR          UPDATED
PRM2026123 10082345 NC  P      498.00     498.00     290.39  RGNOVR NCFRT   UPDATED
PRM2026124 10090011 SE  F      699.00     699.00     539.09  PROMO          UPDATED
PRM2026137 10101010 NC  B        0.00       0.00       0.00         NOBOGO  SKIP     REGION RULE NOBOGO
PRM2026127 10115566     P        0.00       0.00       0.00                 REJECT   ITEM DISCONTINUED
PRM2026126 10123344     F        0.00       0.00       0.00                 REJECT   STORE NOT ON STORE_REGION
PRM2026136 10138800 NC  P       29.98      29.98      28.49  RGNOVR NCFRT   UPDATED
PRM2026129 10144477     X        0.00       0.00       0.00                 REJECT   INVALID PROMO TYPE
PRM2026133 10150022 NE  P      164.00     164.00     129.89  FLOOR          UPDATED
PRM2026135 10166789 MW  P      399.00     399.00     287.19  PROMO          UPDATED
PRM2026134 10171122 WC  P       14.98      14.98      13.39  PROMO          UPDATED
PRM2026132 10199001 NE  P      349.00     349.00     314.09  PROMO          UPDATED
PRM2026132 10199001 SE  P      349.00     349.00     314.09  PROMO          UPDATED
PRM2026132 10199001 MW  P      349.00     349.00     314.09  PROMO          UPDATED
PRM2026132 10199001 WC  P      349.00     349.00     314.09  PROMO          UPDATED
PRM2026132 10199001 NC  P        0.00       0.00       0.00                 REJECT   NO ITEM_PRICE ROW FOR REGION
PRM2026128 99999999     P        0.00       0.00       0.00                 REJECT   SKU NOT ON ITEM MASTER
PRCUPD01  NIGHTLY PROMOTIONAL PRICE UPDATE - AUDIT / EXCEPTIONS                             RUN DATE 2026-09-21   PAGE    2

PROMO-ID   SKU      RG  T   REG-PRICE  OLD-PRICE  NEW-PRICE  REASON OVERRD  STATUS   MESSAGE
------------------------------------------------------------------------------------------------------------------------------------
RUN TOTALS

    ITEM MASTER RECORDS LOADED                   20
    STORE_REGION ROWS LOADED                     14
    ITEM_PRICE ROWS IN CURSOR                    99
    PROMOS EXPIRED (PHASE 1)                      2
    PROMO RECORDS READ                           20
    PRICES UPDATED                               30
      OF WHICH RAISED TO FLOOR                    9
      OF WHICH REGION OVERRIDE                    5
    PRICES UNCHANGED                              1
    PROMOS SKIPPED (WARNING)                      4
    PROMOS REJECTED (EXCEPTION)                   5
    PRICE_HIST ROWS INSERTED                     32

*** END OF REPORT ***
